I'm sorry, but errors were detected in your script. Please correct the
errors listed below, and try again.


The label start is defined twice, at File "game/script.rpy", line 11:
label start:
and File "game/scripts/set_player_name.rpy", line 20:
label start:


Ren'Py Version: Ren'Py 8.1.3.23091805
Mon Apr  8 09:45:41 2024
